[INFO] Scanning for projects...
[INFO] 
[INFO] -----------------------< com.securechat:backend >-----------------------
[INFO] Building backend 0.0.1-SNAPSHOT
[INFO]   from pom.xml
[INFO] --------------------------------[ jar ]---------------------------------
[INFO] 
[INFO] --- clean:3.4.0:clean (default-clean) @ backend ---
[INFO] Deleting X:\s_chat\backend\target
[INFO] 
[INFO] --- resources:3.3.1:resources (default-resources) @ backend ---
[INFO] Copying 1 resource from src\main\resources to target\classes
[INFO] Copying 0 resource from src\main\resources to target\classes
[INFO] 
[INFO] --- compiler:3.13.0:compile (default-compile) @ backend ---
[INFO] Recompiling the module because of changed source code.
[INFO] Compiling 45 source files with javac [debug parameters release 17] to target\classes
[INFO] /X:/s_chat/backend/src/main/java/com/securechat/backend/controller/AuthController.java: X:\s_chat\backend\src\main\java\com\securechat\backend\controller\AuthController.java uses unchecked or unsafe operations.
[INFO] /X:/s_chat/backend/src/main/java/com/securechat/backend/controller/AuthController.java: Recompile with -Xlint:unchecked for details.
[INFO] ------------------------------------------------------------------------
[INFO] BUILD SUCCESS
[INFO] ------------------------------------------------------------------------
[INFO] Total time:  7.664 s
[INFO] Finished at: 2026-03-25T01:36:25+05:30
[INFO] ------------------------------------------------------------------------
